wish you Happy New Year 2024.  Git Commit 

dell@RSP MINGW64 /d/git & github
$ git config --global user.name rajshekhar

dell@RSP MINGW64 /d/git & github
$ git config --global user.email rsp6275@gmail.com

dell@RSP MINGW64 /d/git & github
$ git config --global user.email
rsp6275@gmail.com

dell@RSP MINGW64 /d/git & github
$ git config --global user.name
rajshekhar

dell@RSP MINGW64 /d/git & github
$ git init
Initialized empty Git repository in D:/git & github/.git/

dell@RSP MINGW64 /d/git & github (master)
$ git status
On branch master

No commits yet

Untracked files:
  (use "git add <file>..." to include in what will be committed)
        New Text Document.txt
        abcd.txt.txt

nothing added to commit but untracked files present (use "git add" to track)

dell@RSP MINGW64 /d/git & github (master)
$
dell@RSP MINGW64 /d/git & github (master)
$ git add --all

dell@RSP MINGW64 /d/git & github (master)
$ git status
On branch master

No commits yet

Changes to be committed:
  (use "git rm --cached <file>..." to unstage)
        new file:   New Text Document.txt
        new file:   abcd.txt.txt


dell@RSP MINGW64 /d/git & github (master)
$ git add -A

dell@RSP MINGW64 /d/git & github (master)
$ git commit -m "Intial commit"
[master (root-commit) 887db49] Intial commit
 2 files changed, 1 insertion(+)
 create mode 100644 New Text Document.txt
 create mode 100644 abcd.txt.txt

dell@RSP MINGW64 /d/git & github (master)
$ git status
On branch master
nothing to commit, working tree clean

dell@RSP MINGW64 /d/git & github (master)
$ git status
On branch master
Changes not staged for commit:
  (use "git add <file>..." to update what will be committed)
  (use "git restore <file>..." to discard changes in working directory)
        modified:   abcd.txt.txt

no changes added to commit (use "git add" and/or "git commit -a")

dell@RSP MINGW64 /d/git & github (master)
$ git add .

dell@RSP MINGW64 /d/git & github (master)
$ git commit -m "2nd commit"
[master 54ef774] 2nd commit
 1 file changed, 65 insertions(+), 1 deletion(-)

dell@RSP MINGW64 /d/git & github (master)
$ touch .gitignore

dell@RSP MINGW64 /d/git & github (master)
$ git remote add origin https://github.com/Rajshekhar-1/git-github2.git

dell@RSP MINGW64 /d/git & github (master)
$ git push origin master
fatal: unable to access 'https://github.com/Rajshekhar-1/git-github2.git/': Could not resolve host: github.com

ssh key -path-  /c/Users/dell/.ssh/id_ed25519.pub

dell@RSP MINGW64 /d/git & github (master)
$ cat  /c/Users/dell/.ssh/id_ed25519.pub
ssh-ed25519 AAAAC3NzaC1lZDI1NTE5AAAAIDbAHOVURK+ELkTICeIz5bhYvTWM8kEx2bIz9d3MPGrs rsp6275@gmail.com

dell@RSP MINGW64 /d/git & github (master)
$ ssh-keygen -t ed25519 -C "rsp6275@gmail.com"
Generating public/private ed25519 key pair.
Enter file in which to save the key (/c/Users/dell/.ssh/id_ed25519):
Enter passphrase (empty for no passphrase):
Enter same passphrase again:
Your identification has been saved in /c/Users/dell/.ssh/id_ed25519
Your public key has been saved in /c/Users/dell/.ssh/id_ed25519.pub
The key fingerprint is:
SHA256:3OXtRcr7Nq9Om94bxzBI3TM9DlhcZj/1r5G47bBJV9Y rsp6275@gmail.com
The key's randomart image is:
+--[ED25519 256]--+
|            ...+.|
|            ooo.=|
|           .o..=*|
|       . . + =o+B|
|        S . + O.E|
|             + @ |
|            + B.o|
|           . B *+|
|            ooB+B|
+----[SHA256]-----+

dell@RSP MINGW64 /d/git & github (master)
$ cat  /c/Users/dell/.ssh/id_ed25519.pub

ssh-ed25519 AAAAC3NzaC1lZDI1NTE5AAAAIDbAHOVURK+ELkTICeIz5bhYvTWM8kEx2bIz9d3MPGrs rsp6275@gmail.com

dell@RSP MINGW64 /d/git & github (master)
$ git push origin master
Enumerating objects: 7, done.
Counting objects: 100% (7/7), done.
Delta compression using up to 4 threads
Compressing objects: 100% (5/5), done.
Writing objects: 100% (7/7), 1.01 KiB | 34.00 KiB/s, done.
Total 7 (delta 0), reused 0 (delta 0), pack-reused 0
To https://github.com/Rajshekhar-1/git-github2.git
 * [new branch]      master -> master

dell@RSP MINGW64 /d/git & github (master)
$ git branch feature1

dell@RSP MINGW64 /d/git & github (master)
$ git checkout feature1
Switched to branch 'feature1'
M       abcd.txt.txt

dell@RSP MINGW64 /d/git & github (feature1)
$ ls
'New Text Document.txt'   abcd.txt.txt
